// Jest Snapshot v1, https://goo.gl/fbAQLP

exports[`should render ExpenseListItem with fixture data 1`] = `
<div>
  <div>
    <a
      href="/edit/1"
    >
      Gas
    </a>
    <p>
      156
       - 
      0
    </p>
  </div>
</div>
`;
