// Jest Snapshot v1, https://goo.gl/fbAQLP

exports[`should render Not Found page 1`] = `
<div>
  <div>
    404 - 
    <a
      href="/"
    >
      Go home
    </a>
  </div>
</div>
`;
